Release 13.4 - xst O.87xd (lin64)
Copyright (c) 1995-2011 Xilinx, Inc.  All rights reserved.
--> 
Parameter TMPDIR set to xst/projnav.tmp


Total REAL time to Xst completion: 0.00 secs
Total CPU time to Xst completion: 0.04 secs
 
--> 
Parameter xsthdpdir set to xst


Total REAL time to Xst completion: 0.00 secs
Total CPU time to Xst completion: 0.04 secs
 
--> 
Reading design: svgp_top.prj

TABLE OF CONTENTS
  1) Synthesis Options Summary
  2) HDL Compilation
  3) Design Hierarchy Analysis
  4) HDL Analysis
  5) HDL Synthesis
     5.1) HDL Synthesis Report
  6) Advanced HDL Synthesis
     6.1) Advanced HDL Synthesis Report
  7) Low Level Synthesis
  8) Partition Report
  9) Final Report
	9.1) Device utilization summary
	9.2) Partition Resource Summary
	9.3) TIMING REPORT


=========================================================================
*                      Synthesis Options Summary                        *
=========================================================================
---- Source Parameters
Input File Name                    : "svgp_top.prj"
Input Format                       : mixed
Ignore Synthesis Constraint File   : NO

---- Target Parameters
Output File Name                   : "svgp_top"
Output Format                      : NGC
Target Device                      : xc3s500e-5-fg320

---- Source Options
Top Module Name                    : svgp_top
Automatic FSM Extraction           : YES
FSM Encoding Algorithm             : Auto
Safe Implementation                : No
FSM Style                          : LUT
RAM Extraction                     : Yes
RAM Style                          : Auto
ROM Extraction                     : Yes
Mux Style                          : Auto
Decoder Extraction                 : YES
Priority Encoder Extraction        : Yes
Shift Register Extraction          : YES
Logical Shifter Extraction         : YES
XOR Collapsing                     : YES
ROM Style                          : Auto
Mux Extraction                     : Yes
Resource Sharing                   : YES
Asynchronous To Synchronous        : NO
Multiplier Style                   : Auto
Automatic Register Balancing       : No

---- Target Options
Add IO Buffers                     : YES
Global Maximum Fanout              : 100000
Add Generic Clock Buffer(BUFG)     : 24
Register Duplication               : YES
Slice Packing                      : YES
Optimize Instantiated Primitives   : NO
Use Clock Enable                   : Yes
Use Synchronous Set                : Yes
Use Synchronous Reset              : Yes
Pack IO Registers into IOBs        : Auto
Equivalent register Removal        : YES

---- General Options
Optimization Goal                  : Speed
Optimization Effort                : 1
Keep Hierarchy                     : No
Netlist Hierarchy                  : As_Optimized
RTL Output                         : Yes
Global Optimization                : AllClockNets
Read Cores                         : YES
Write Timing Constraints           : NO
Cross Clock Analysis               : NO
Hierarchy Separator                : /
Bus Delimiter                      : <>
Case Specifier                     : Maintain
Slice Utilization Ratio            : 100
BRAM Utilization Ratio             : 100
Verilog 2001                       : YES
Auto BRAM Packing                  : NO
Slice Utilization Ratio Delta      : 5

---- Other Options
Cores Search Directories           : {"ipcore_dir"  }

=========================================================================


=========================================================================
*                          HDL Compilation                              *
=========================================================================
Compiling vhdl file "/home/student1/lvalitut/Desktop/coe758/backup project2/untitled folder/pong/vga_core.vhd" in Library work.
Architecture behavioral of Entity vga_core is up to date.
Compiling vhdl file "/home/student1/lvalitut/Desktop/coe758/backup project2/untitled folder/pong/game_engine.vhd" in Library work.
Architecture behavioral of Entity game_engine is up to date.
Compiling vhdl file "/home/student1/lvalitut/Desktop/coe758/backup project2/untitled folder/pong/renderer.vhd" in Library work.
Architecture behavioral of Entity renderer is up to date.
Compiling vhdl file "/home/student1/lvalitut/Desktop/coe758/backup project2/untitled folder/pong/ipcore_dir/icon.vhd" in Library work.
Architecture icon_a of Entity icon is up to date.
Compiling vhdl file "/home/student1/lvalitut/Desktop/coe758/backup project2/untitled folder/pong/ipcore_dir/ila.vhd" in Library work.
Entity <ila> compiled.
Entity <ila> (Architecture <ila_a>) compiled.
Compiling vhdl file "/home/student1/lvalitut/Desktop/coe758/backup project2/untitled folder/pong/svgp_top.vhd" in Library work.
Architecture behavioral of Entity svgp_top is up to date.

=========================================================================
*                     Design Hierarchy Analysis                         *
=========================================================================
Analyzing hierarchy for entity <svgp_top> in library <work> (architecture <behavioral>).

Analyzing hierarchy for entity <vga_core> in library <work> (architecture <Behavioral>).

Analyzing hierarchy for entity <game_engine> in library <work> (architecture <Behavioral>).

Analyzing hierarchy for entity <renderer> in library <work> (architecture <Behavioral>).


=========================================================================
*                            HDL Analysis                               *
=========================================================================
Analyzing Entity <svgp_top> in library <work> (Architecture <behavioral>).
WARNING:Xst:2211 - "/home/student1/lvalitut/Desktop/coe758/backup project2/untitled folder/pong/svgp_top.vhd" line 127: Instantiating black box module <icon>.
WARNING:Xst:2211 - "/home/student1/lvalitut/Desktop/coe758/backup project2/untitled folder/pong/svgp_top.vhd" line 130: Instantiating black box module <ila>.
Entity <svgp_top> analyzed. Unit <svgp_top> generated.

Analyzing Entity <vga_core> in library <work> (Architecture <Behavioral>).
Entity <vga_core> analyzed. Unit <vga_core> generated.

Analyzing Entity <game_engine> in library <work> (Architecture <Behavioral>).
Entity <game_engine> analyzed. Unit <game_engine> generated.

Analyzing Entity <renderer> in library <work> (Architecture <Behavioral>).
Entity <renderer> analyzed. Unit <renderer> generated.


=========================================================================
*                           HDL Synthesis                               *
=========================================================================

Performing bidirectional port resolution...

Synthesizing Unit <vga_core>.
    Related source file is "/home/student1/lvalitut/Desktop/coe758/backup project2/untitled folder/pong/vga_core.vhd".
    Found 10-bit comparator greatequal for signal <H$cmp_ge0000> created at line 54.
    Found 10-bit comparator less for signal <H$cmp_lt0000> created at line 54.
    Found 10-bit up counter for signal <h_count>.
    Found 1-bit register for signal <pix_clk>.
    Found 10-bit comparator greatequal for signal <V$cmp_ge0000> created at line 55.
    Found 10-bit comparator less for signal <V$cmp_lt0000> created at line 55.
    Found 10-bit up counter for signal <v_count>.
    Found 10-bit comparator less for signal <video_on$cmp_lt0000> created at line 56.
    Found 10-bit comparator less for signal <video_on$cmp_lt0001> created at line 56.
    Summary:
	inferred   2 Counter(s).
	inferred   1 D-type flip-flop(s).
	inferred   6 Comparator(s).
Unit <vga_core> synthesized.


Synthesizing Unit <game_engine>.
    Related source file is "/home/student1/lvalitut/Desktop/coe758/backup project2/untitled folder/pong/game_engine.vhd".
WARNING:Xst:647 - Input <SW1> is never used. This port will be preserved and left unconnected if it belongs to a top-level block or it belongs to a sub-block and the hierarchy of this sub-block is preserved.
WARNING:Xst:647 - Input <SW3> is never used. This port will be preserved and left unconnected if it belongs to a top-level block or it belongs to a sub-block and the hierarchy of this sub-block is preserved.
    Found 10-bit register for signal <b_x>.
    Found 10-bit adder for signal <b_x$addsub0000> created at line 131.
    Found 9-bit register for signal <b_y>.
    Found 9-bit adder for signal <b_y$addsub0000> created at line 132.
    Found 18-bit up counter for signal <div>.
    Found 1-bit register for signal <goal_scored>.
    Found 9-bit comparator greatequal for signal <goal_scored$cmp_ge0000> created at line 96.
    Found 10-bit comparator greatequal for signal <goal_scored$cmp_ge0001> created at line 97.
    Found 9-bit comparator greatequal for signal <goal_scored$cmp_ge0002> created at line 99.
    Found 10-bit comparator greatequal for signal <goal_scored$cmp_ge0003> created at line 101.
    Found 10-bit comparator lessequal for signal <goal_scored$cmp_le0000> created at line 96.
    Found 9-bit comparator lessequal for signal <goal_scored$cmp_le0001> created at line 96.
    Found 10-bit comparator lessequal for signal <goal_scored$cmp_le0002> created at line 99.
    Found 9-bit comparator lessequal for signal <goal_scored$cmp_le0003> created at line 99.
    Found 9-bit updown accumulator for signal <l_y>.
    Found 9-bit comparator greatequal for signal <l_y$cmp_ge0000> created at line 71.
    Found 9-bit comparator greater for signal <l_y$cmp_gt0000> created at line 70.
    Found 9-bit comparator lessequal for signal <l_y$cmp_le0000> created at line 70.
    Found 9-bit updown accumulator for signal <r_y>.
    Found 9-bit comparator greatequal for signal <r_y$cmp_ge0000> created at line 78.
    Found 9-bit comparator greater for signal <r_y$cmp_gt0000> created at line 77.
    Found 9-bit comparator lessequal for signal <r_y$cmp_le0000> created at line 77.
    Found 32-bit register for signal <speed_x>.
    Found 32-bit adder for signal <speed_x$add0000>.
    Found 9-bit adder for signal <speed_x$add0001> created at line 112.
    Found 9-bit adder for signal <speed_x$add0002> created at line 122.
    Found 10-bit comparator greatequal for signal <speed_x$cmp_ge0000> created at line 122.
    Found 10-bit comparator greatequal for signal <speed_x$cmp_ge0001> created at line 122.
    Found 10-bit comparator greatequal for signal <speed_x$cmp_ge0002> created at line 112.
    Found 9-bit comparator greater for signal <speed_x$cmp_gt0000> created at line 97.
    Found 10-bit comparator greater for signal <speed_x$cmp_gt0001> created at line 96.
    Found 10-bit comparator greater for signal <speed_x$cmp_gt0002> created at line 112.
    Found 9-bit comparator greater for signal <speed_x$cmp_gt0003> created at line 112.
    Found 9-bit comparator greater for signal <speed_x$cmp_gt0004> created at line 122.
    Found 9-bit comparator lessequal for signal <speed_x$cmp_le0000> created at line 122.
    Found 10-bit comparator lessequal for signal <speed_x$cmp_le0001> created at line 112.
    Found 9-bit comparator lessequal for signal <speed_x$cmp_le0002> created at line 112.
    Found 10-bit comparator less for signal <speed_x$cmp_lt0000> created at line 97.
    Found 9-bit comparator less for signal <speed_x$cmp_lt0001> created at line 97.
    Found 10-bit comparator less for signal <speed_x$cmp_lt0002> created at line 112.
    Found 10-bit comparator less for signal <speed_x$cmp_lt0003> created at line 122.
    Found 10-bit comparator less for signal <speed_x$cmp_lt0004> created at line 122.
    Found 32-bit adder for signal <speed_x$share0000>.
    Found 10-bit subtractor for signal <speed_x$sub0000> created at line 112.
    Found 10-bit subtractor for signal <speed_x$sub0001> created at line 122.
    Found 32-bit register for signal <speed_y>.
    Found 32-bit adder for signal <speed_y$addsub0000>.
    Found 9-bit comparator greater for signal <speed_y$cmp_gt0000> created at line 86.
    Found 9-bit comparator lessequal for signal <speed_y$cmp_le0000> created at line 86.
    Found 9-bit comparator less for signal <speed_y$cmp_lt0000> created at line 87.
    Found 32-bit adder for signal <speed_y$mux0001>.
    Summary:
	inferred   1 Counter(s).
	inferred   2 Accumulator(s).
	inferred  84 D-type flip-flop(s).
	inferred  10 Adder/Subtractor(s).
	inferred  33 Comparator(s).
Unit <game_engine> synthesized.


Synthesizing Unit <renderer>.
    Related source file is "/home/student1/lvalitut/Desktop/coe758/backup project2/untitled folder/pong/renderer.vhd".
    Found 9-bit adder for signal <$add0000> created at line 102.
    Found 9-bit adder for signal <$add0001> created at line 94.
    Found 9-bit adder for signal <$add0002> created at line 84.
    Found 9-bit comparator greater for signal <Gout$cmp_gt0000> created at line 104.
    Found 10-bit comparator greater for signal <Gout$cmp_gt0001> created at line 104.
    Found 9-bit comparator less for signal <Gout$cmp_lt0000> created at line 104.
    Found 10-bit comparator less for signal <Gout$cmp_lt0001> created at line 104.
    Found 10-bit adder for signal <Rout$add0000> created at line 102.
    Found 11-bit comparator greatequal for signal <Rout$cmp_ge0000> created at line 102.
    Found 10-bit comparator greatequal for signal <Rout$cmp_ge0001> created at line 102.
    Found 10-bit comparator greatequal for signal <Rout$cmp_ge0002> created at line 94.
    Found 10-bit comparator greatequal for signal <Rout$cmp_ge0003> created at line 94.
    Found 10-bit comparator greatequal for signal <Rout$cmp_ge0004> created at line 84.
    Found 10-bit comparator greatequal for signal <Rout$cmp_ge0005> created at line 84.
    Found 10-bit comparator greatequal for signal <Rout$cmp_ge0006> created at line 61.
    Found 10-bit comparator greatequal for signal <Rout$cmp_ge0007> created at line 54.
    Found 10-bit comparator greatequal for signal <Rout$cmp_ge0008> created at line 54.
    Found 10-bit comparator greater for signal <Rout$cmp_gt0000> created at line 68.
    Found 10-bit comparator greater for signal <Rout$cmp_gt0001> created at line 68.
    Found 10-bit comparator greater for signal <Rout$cmp_gt0002> created at line 68.
    Found 10-bit comparator greater for signal <Rout$cmp_gt0003> created at line 68.
    Found 10-bit comparator greater for signal <Rout$cmp_gt0004> created at line 68.
    Found 10-bit comparator greater for signal <Rout$cmp_gt0005> created at line 68.
    Found 10-bit comparator greater for signal <Rout$cmp_gt0006> created at line 61.
    Found 10-bit comparator greater for signal <Rout$cmp_gt0007> created at line 61.
    Found 10-bit comparator greater for signal <Rout$cmp_gt0008> created at line 54.
    Found 10-bit comparator lessequal for signal <Rout$cmp_le0000> created at line 102.
    Found 10-bit comparator lessequal for signal <Rout$cmp_le0001> created at line 102.
    Found 10-bit comparator lessequal for signal <Rout$cmp_le0002> created at line 94.
    Found 10-bit comparator lessequal for signal <Rout$cmp_le0003> created at line 94.
    Found 10-bit comparator lessequal for signal <Rout$cmp_le0004> created at line 84.
    Found 10-bit comparator lessequal for signal <Rout$cmp_le0005> created at line 84.
    Found 10-bit comparator lessequal for signal <Rout$cmp_le0006> created at line 61.
    Found 10-bit comparator lessequal for signal <Rout$cmp_le0007> created at line 54.
    Found 10-bit comparator lessequal for signal <Rout$cmp_le0008> created at line 54.
    Found 10-bit comparator less for signal <Rout$cmp_lt0000> created at line 68.
    Found 10-bit comparator less for signal <Rout$cmp_lt0001> created at line 68.
    Found 10-bit comparator less for signal <Rout$cmp_lt0002> created at line 68.
    Found 10-bit comparator less for signal <Rout$cmp_lt0003> created at line 68.
    Found 10-bit comparator less for signal <Rout$cmp_lt0004> created at line 68.
    Found 10-bit comparator less for signal <Rout$cmp_lt0005> created at line 68.
    Found 10-bit comparator less for signal <Rout$cmp_lt0006> created at line 61.
    Found 10-bit comparator less for signal <Rout$cmp_lt0007> created at line 61.
    Found 11-bit subtractor for signal <Rout$sub0000> created at line 102.
    Found 10-bit subtractor for signal <Rout$sub0001> created at line 102.
    Found 10-bit subtractor for signal <Rout$sub0002> created at line 94.
    Found 10-bit subtractor for signal <Rout$sub0003> created at line 84.
    Summary:
	inferred   8 Adder/Subtractor(s).
	inferred  39 Comparator(s).
Unit <renderer> synthesized.


Synthesizing Unit <svgp_top>.
    Related source file is "/home/student1/lvalitut/Desktop/coe758/backup project2/untitled folder/pong/svgp_top.vhd".
WARNING:Xst:646 - Signal <y_vec<9:4>> is assigned but never used. This unconnected signal will be trimmed during the optimization process.
WARNING:Xst:646 - Signal <x_vec<9:4>> is assigned but never used. This unconnected signal will be trimmed during the optimization process.
Unit <svgp_top> synthesized.

INFO:Xst:1767 - HDL ADVISOR - Resource sharing has identified that some arithmetic operations in this design can share the same physical resources for reduced device utilization. For improved clock frequency you may try to disable resource sharing.

=========================================================================
HDL Synthesis Report

Macro Statistics
# Adders/Subtractors                                   : 18
 10-bit adder                                          : 2
 10-bit subtractor                                     : 5
 11-bit subtractor                                     : 1
 32-bit adder                                          : 4
 9-bit adder                                           : 6
# Counters                                             : 3
 10-bit up counter                                     : 2
 18-bit up counter                                     : 1
# Accumulators                                         : 2
 9-bit updown accumulator                              : 2
# Registers                                            : 6
 1-bit register                                        : 2
 10-bit register                                       : 1
 32-bit register                                       : 2
 9-bit register                                        : 1
# Comparators                                          : 78
 10-bit comparator greatequal                          : 15
 10-bit comparator greater                             : 12
 10-bit comparator less                                : 17
 10-bit comparator lessequal                           : 12
 11-bit comparator greatequal                          : 1
 9-bit comparator greatequal                           : 4
 9-bit comparator greater                              : 7
 9-bit comparator less                                 : 3
 9-bit comparator lessequal                            : 7

=========================================================================

=========================================================================
*                       Advanced HDL Synthesis                          *
=========================================================================

Reading core <ipcore_dir/icon.ngc>.
Reading core <ipcore_dir/ila.ngc>.
WARNING:Xst:1474 - Core <icon> was not loaded for <ICON_INST> as one or more ports did not line up with component declaration.  Declared output port <CONTROL0<3>> was not found in the core.  Please make sure that component declaration ports are consistent with the core ports including direction and bus-naming conventions.
WARNING:Xst:1474 - Core <ila> was not loaded for <ILA_INST> as one or more ports did not line up with component declaration.  Declared input port <CONTROL<3>> was not found in the core.  Please make sure that component declaration ports are consistent with the core ports including direction and bus-naming conventions.

=========================================================================
Advanced HDL Synthesis Report

Macro Statistics
# Adders/Subtractors                                   : 18
 10-bit adder                                          : 2
 10-bit subtractor                                     : 5
 11-bit subtractor                                     : 1
 32-bit adder                                          : 4
 9-bit adder                                           : 6
# Counters                                             : 3
 10-bit up counter                                     : 2
 18-bit up counter                                     : 1
# Accumulators                                         : 2
 9-bit updown accumulator                              : 2
# Registers                                            : 85
 Flip-Flops                                            : 85
# Comparators                                          : 78
 10-bit comparator greatequal                          : 15
 10-bit comparator greater                             : 12
 10-bit comparator less                                : 17
 10-bit comparator lessequal                           : 12
 11-bit comparator greatequal                          : 1
 9-bit comparator greatequal                           : 4
 9-bit comparator greater                              : 7
 9-bit comparator less                                 : 3
 9-bit comparator lessequal                            : 7

=========================================================================

=========================================================================
*                         Low Level Synthesis                           *
=========================================================================

Optimizing unit <svgp_top> ...

Optimizing unit <vga_core> ...

Optimizing unit <game_engine> ...

Optimizing unit <renderer> ...

Mapping all equations...
Building and optimizing final netlist ...
Found area constraint ratio of 100 (+ 5) on block svgp_top, actual ratio is 8.
FlipFlop GAME_ENGINE_INST/b_y_1 has been replicated 1 time(s)
FlipFlop GAME_ENGINE_INST/b_y_2 has been replicated 1 time(s)
FlipFlop GAME_ENGINE_INST/l_y_1 has been replicated 1 time(s)
FlipFlop GAME_ENGINE_INST/r_y_1 has been replicated 1 time(s)

Final Macro Processing ...

=========================================================================
Final Register Report

Macro Statistics
# Registers                                            : 145
 Flip-Flops                                            : 145

=========================================================================

=========================================================================
*                           Partition Report                            *
=========================================================================

Partition Implementation Status
-------------------------------

  No Partitions were found in this design.

-------------------------------

=========================================================================
*                            Final Report                               *
=========================================================================
Final Results
RTL Top Level Output File Name     : svgp_top.ngr
Top Level Output File Name         : svgp_top
Output Format                      : NGC
Optimization Goal                  : Speed
Keep Hierarchy                     : No

Design Statistics
# IOs                              : 32

Cell Usage :
# BELS                             : 1250
#      GND                         : 1
#      INV                         : 83
#      LUT1                        : 46
#      LUT2                        : 131
#      LUT2_D                      : 2
#      LUT2_L                      : 7
#      LUT3                        : 126
#      LUT3_D                      : 2
#      LUT3_L                      : 27
#      LUT4                        : 229
#      LUT4_D                      : 12
#      LUT4_L                      : 10
#      MUXCY                       : 333
#      MUXF5                       : 18
#      VCC                         : 1
#      XORCY                       : 222
# FlipFlops/Latches                : 145
#      FD                          : 18
#      FDE                         : 106
#      FDR                         : 11
#      FDRE                        : 10
# Clock Buffers                    : 2
#      BUFG                        : 1
#      BUFGP                       : 1
# IO Buffers                       : 29
#      IBUF                        : 2
#      OBUF                        : 27
# Others                           : 2
#      icon                        : 1
#      ila                         : 1
=========================================================================

Device utilization summary:
---------------------------

Selected Device : 3s500efg320-5 

 Number of Slices:                      356  out of   4656     7%  
 Number of Slice Flip Flops:            145  out of   9312     1%  
 Number of 4 input LUTs:                675  out of   9312     7%  
 Number of IOs:                          32
 Number of bonded IOBs:                  30  out of    232    12%  
 Number of GCLKs:                         2  out of     24     8%  

---------------------------
Partition Resource Summary:
---------------------------

  No Partitions were found in this design.

---------------------------


=========================================================================
TIMING REPORT

NOTE: THESE TIMING NUMBERS ARE ONLY A SYNTHESIS ESTIMATE.
      FOR ACCURATE TIMING INFORMATION PLEASE REFER TO THE TRACE REPORT
      GENERATED AFTER PLACE-and-ROUTE.

Clock Information:
------------------
-----------------------------------+------------------------+-------+
Clock Signal                       | Clock buffer(FF name)  | Load  |
-----------------------------------+------------------------+-------+
VGA_CORE_INST/pix_clk1             | BUFG                   | 144   |
clk                                | BUFGP                  | 1     |
-----------------------------------+------------------------+-------+

Asynchronous Control Signals Information:
----------------------------------------
No asynchronous control signals found in this design

Timing Summary:
---------------
Speed Grade: -5

   Minimum period: 9.191ns (Maximum Frequency: 108.800MHz)
   Minimum input arrival time before clock: 4.399ns
   Maximum output required time after clock: 15.557ns
   Maximum combinational path delay: 1.814ns

Timing Detail:
--------------
All values displayed in nanoseconds (ns)

=========================================================================
Timing constraint: Default period analysis for Clock 'VGA_CORE_INST/pix_clk1'
  Clock period: 9.191ns (frequency: 108.800MHz)
  Total number of paths / destination ports: 47851 / 280
-------------------------------------------------------------------------
Delay:               9.191ns (Levels of Logic = 9)
  Source:            GAME_ENGINE_INST/l_y_2 (FF)
  Destination:       GAME_ENGINE_INST/speed_x_29 (FF)
  Source Clock:      VGA_CORE_INST/pix_clk1 rising
  Destination Clock: VGA_CORE_INST/pix_clk1 rising

  Data Path: GAME_ENGINE_INST/l_y_2 to GAME_ENGINE_INST/speed_x_29
                                Gate     Net
    Cell:in->out      fanout   Delay   Delay  Logical Name (Net Name)
    ----------------------------------------  ------------
     FDE:C->Q             19   0.514   0.925  GAME_ENGINE_INST/l_y_2 (GAME_ENGINE_INST/l_y_2)
     LUT4:I3->O            9   0.612   0.700  RENDERER_INST/Rout_sub0003<5>11 (GAME_ENGINE_INST/speed_x_sub0000<5>_bdd0)
     LUT4:I3->O            2   0.612   0.449  RENDERER_INST/Rout_sub0003<7>1 (RENDERER_INST/Rout_sub0003<7>)
     LUT2:I1->O            1   0.612   0.000  GAME_ENGINE_INST/Mcompar_speed_x_cmp_lt0002_lut<7> (GAME_ENGINE_INST/Mcompar_speed_x_cmp_lt0002_lut<7>)
     MUXCY:S->O            1   0.404   0.000  GAME_ENGINE_INST/Mcompar_speed_x_cmp_lt0002_cy<7> (GAME_ENGINE_INST/Mcompar_speed_x_cmp_lt0002_cy<7>)
     MUXCY:CI->O           1   0.051   0.000  GAME_ENGINE_INST/Mcompar_speed_x_cmp_lt0002_cy<8> (GAME_ENGINE_INST/Mcompar_speed_x_cmp_lt0002_cy<8>)
     MUXCY:CI->O           1   0.399   0.426  GAME_ENGINE_INST/Mcompar_speed_x_cmp_lt0002_cy<9> (GAME_ENGINE_INST/Mcompar_speed_x_cmp_lt0002_cy<9>)
     LUT3_D:I1->O          4   0.612   0.529  GAME_ENGINE_INST/speed_x_not00042273 (GAME_ENGINE_INST/speed_x_and0003)
     LUT3_D:I2->O         14   0.612   0.853  GAME_ENGINE_INST/speed_x_mux0001<9>_SW1_1 (GAME_ENGINE_INST/speed_x_mux0001<9>_SW1)
     LUT4:I3->O            1   0.612   0.000  GAME_ENGINE_INST/speed_x_mux0001<8> (GAME_ENGINE_INST/speed_x_mux0001<8>)
     FDE:D                     0.268          GAME_ENGINE_INST/speed_x_8
    ----------------------------------------
    Total                      9.191ns (5.309ns logic, 3.882ns route)
                                       (57.8% logic, 42.2% route)

=========================================================================
Timing constraint: Default period analysis for Clock 'clk'
  Clock period: 1.760ns (frequency: 568.069MHz)
  Total number of paths / destination ports: 1 / 1
-------------------------------------------------------------------------
Delay:               1.760ns (Levels of Logic = 0)
  Source:            VGA_CORE_INST/pix_clk (FF)
  Destination:       VGA_CORE_INST/pix_clk (FF)
  Source Clock:      clk rising
  Destination Clock: clk rising

  Data Path: VGA_CORE_INST/pix_clk to VGA_CORE_INST/pix_clk
                                Gate     Net
    Cell:in->out      fanout   Delay   Delay  Logical Name (Net Name)
    ----------------------------------------  ------------
     FDR:C->Q              3   0.514   0.451  VGA_CORE_INST/pix_clk (VGA_CORE_INST/pix_clk1)
     FDR:R                     0.795          VGA_CORE_INST/pix_clk
    ----------------------------------------
    Total                      1.760ns (1.309ns logic, 0.451ns route)
                                       (74.4% logic, 25.6% route)

=========================================================================
Timing constraint: Default OFFSET IN BEFORE for Clock 'VGA_CORE_INST/pix_clk1'
  Total number of paths / destination ports: 134 / 40
-------------------------------------------------------------------------
Offset:              4.399ns (Levels of Logic = 11)
  Source:            SW0 (PAD)
  Destination:       GAME_ENGINE_INST/l_y_8 (FF)
  Destination Clock: VGA_CORE_INST/pix_clk1 rising

  Data Path: SW0 to GAME_ENGINE_INST/l_y_8
                                Gate     Net
    Cell:in->out      fanout   Delay   Delay  Logical Name (Net Name)
    ----------------------------------------  ------------
     IBUF:I->O            11   1.106   0.945  SW0_IBUF (SW0_IBUF)
     LUT2:I0->O            1   0.612   0.357  GAME_ENGINE_INST/l_y_not0003_inv2 (GAME_ENGINE_INST/l_y_not0003_inv)
     MUXCY:CI->O           1   0.051   0.000  GAME_ENGINE_INST/Maccum_l_y_cy<0> (GAME_ENGINE_INST/Maccum_l_y_cy<0>)
     MUXCY:CI->O           1   0.051   0.000  GAME_ENGINE_INST/Maccum_l_y_cy<1> (GAME_ENGINE_INST/Maccum_l_y_cy<1>)
     MUXCY:CI->O           1   0.051   0.000  GAME_ENGINE_INST/Maccum_l_y_cy<2> (GAME_ENGINE_INST/Maccum_l_y_cy<2>)
     MUXCY:CI->O           1   0.051   0.000  GAME_ENGINE_INST/Maccum_l_y_cy<3> (GAME_ENGINE_INST/Maccum_l_y_cy<3>)
     MUXCY:CI->O           1   0.051   0.000  GAME_ENGINE_INST/Maccum_l_y_cy<4> (GAME_ENGINE_INST/Maccum_l_y_cy<4>)
     MUXCY:CI->O           1   0.051   0.000  GAME_ENGINE_INST/Maccum_l_y_cy<5> (GAME_ENGINE_INST/Maccum_l_y_cy<5>)
     MUXCY:CI->O           1   0.051   0.000  GAME_ENGINE_INST/Maccum_l_y_cy<6> (GAME_ENGINE_INST/Maccum_l_y_cy<6>)
     MUXCY:CI->O           0   0.051   0.000  GAME_ENGINE_INST/Maccum_l_y_cy<7> (GAME_ENGINE_INST/Maccum_l_y_cy<7>)
     XORCY:CI->O           1   0.699   0.000  GAME_ENGINE_INST/Maccum_l_y_xor<8> (GAME_ENGINE_INST/Result<8>1)
     FDE:D                     0.268          GAME_ENGINE_INST/l_y_8
    ----------------------------------------
    Total                      4.399ns (3.097ns logic, 1.302ns route)
                                       (70.4% logic, 29.6% route)

=========================================================================
Timing constraint: Default OFFSET OUT AFTER for Clock 'clk'
  Total number of paths / destination ports: 2 / 2
-------------------------------------------------------------------------
Offset:              4.134ns (Levels of Logic = 1)
  Source:            VGA_CORE_INST/pix_clk (FF)
  Destination:       DAC_CLK (PAD)
  Source Clock:      clk rising

  Data Path: VGA_CORE_INST/pix_clk to DAC_CLK
                                Gate     Net
    Cell:in->out      fanout   Delay   Delay  Logical Name (Net Name)
    ----------------------------------------  ------------
     FDR:C->Q              3   0.514   0.451  VGA_CORE_INST/pix_clk (VGA_CORE_INST/pix_clk1)
     OBUF:I->O                 3.169          DAC_CLK_OBUF (DAC_CLK)
    ----------------------------------------
    Total                      4.134ns (3.683ns logic, 0.451ns route)
                                       (89.1% logic, 10.9% route)

=========================================================================
Timing constraint: Default OFFSET OUT AFTER for Clock 'VGA_CORE_INST/pix_clk1'
  Total number of paths / destination ports: 31066 / 41
-------------------------------------------------------------------------
Offset:              15.557ns (Levels of Logic = 12)
  Source:            VGA_CORE_INST/v_count_0 (FF)
  Destination:       Rout<7> (PAD)
  Source Clock:      VGA_CORE_INST/pix_clk1 rising

  Data Path: VGA_CORE_INST/v_count_0 to Rout<7>
                                Gate     Net
    Cell:in->out      fanout   Delay   Delay  Logical Name (Net Name)
    ----------------------------------------  ------------
     FDRE:C->Q            14   0.514   1.002  VGA_CORE_INST/v_count_0 (VGA_CORE_INST/v_count_0)
     LUT3:I0->O            1   0.612   0.360  RENDERER_INST/Rout_cmp_gt000429_SW0 (N183)
     LUT4:I3->O            1   0.612   0.387  RENDERER_INST/Rout_cmp_gt000429 (RENDERER_INST/Rout_cmp_gt000429)
     LUT4:I2->O            3   0.612   0.603  RENDERER_INST/Rout_cmp_gt0004230 (RENDERER_INST/Rout_cmp_gt0004)
     LUT4:I0->O            1   0.612   0.360  RENDERER_INST/Rout_and0008174_SW0 (N191)
     LUT4:I3->O            1   0.612   0.360  RENDERER_INST/Rout_and0008174 (RENDERER_INST/Rout_and0008174)
     LUT4:I3->O            1   0.612   0.509  RENDERER_INST/Rout_and0008273 (RENDERER_INST/Rout_and0008273)
     LUT4:I0->O            2   0.612   0.410  RENDERER_INST/Rout_and0008398_SW0 (N223)
     LUT4:I2->O            1   0.612   0.000  RENDERER_INST/Rout_and0008398_G (N246)
     MUXF5:I1->O           3   0.278   0.454  RENDERER_INST/Rout_and0008398 (RENDERER_INST/Rout_and0008)
     LUT4:I3->O            1   0.612   0.387  RENDERER_INST/Rout<1>_SW0 (N33)
     LUT4:I2->O            8   0.612   0.643  RENDERER_INST/Rout<1> (Rout_0_OBUF)
     OBUF:I->O                 3.169          Rout_7_OBUF (Rout<7>)
    ----------------------------------------
    Total                     15.557ns (10.081ns logic, 5.476ns route)
                                       (64.8% logic, 35.2% route)

=========================================================================
Timing constraint: Default path analysis
  Total number of paths / destination ports: 37 / 37
-------------------------------------------------------------------------
Delay:               1.814ns (Levels of Logic = 1)
  Source:            clk (PAD)
  Destination:       ILA_INST:TRIG0<0> (PAD)

  Data Path: clk to ILA_INST:TRIG0<0>
                                Gate     Net
    Cell:in->out      fanout   Delay   Delay  Logical Name (Net Name)
    ----------------------------------------  ------------
     BUFGP:I->O            1   1.457   0.357  clk_BUFGP (clk_BUFGP)
    ila:TRIG0<0>               0.000          ILA_INST
    ----------------------------------------
    Total                      1.814ns (1.457ns logic, 0.357ns route)
                                       (80.3% logic, 19.7% route)

=========================================================================


Total REAL time to Xst completion: 8.00 secs
Total CPU time to Xst completion: 7.56 secs
 
--> 


Total memory usage is 762952 kilobytes

Number of errors   :    0 (   0 filtered)
Number of warnings :    8 (   0 filtered)
Number of infos    :    1 (   0 filtered)

